// Jest Snapshot v1, https://goo.gl/fbAQLP

exports[`<App/> renders hello world 1`] = `
<div>
  Hello World
</div>
`;
